\BOOKMARK [0][-]{chapter*.1}{\376\377\000S\000u\000m\000a\000r\000i}{}% 1
\BOOKMARK [0][-]{chapter*.3}{\376\377\000A\000c\000r\000\362\000n\000i\000m\000s}{}% 2
\BOOKMARK [0][-]{chapter*.5}{\376\377\000S\000u\000m\000m\000a\000r\000y}{}% 3
\BOOKMARK [0][-]{chapter.1}{\376\377\000I\000n\000t\000r\000o\000d\000u\000c\000t\000i\000o\000n}{}% 4
\BOOKMARK [1][-]{section.1.1}{\376\377\000C\000o\000n\000t\000e\000x\000t\000u\000a\000l\000i\000z\000a\000t\000i\000o\000n}{chapter.1}% 5
\BOOKMARK [1][-]{section.1.2}{\376\377\000M\000o\000t\000i\000v\000a\000t\000i\000o\000n}{chapter.1}% 6
\BOOKMARK [1][-]{section.1.3}{\376\377\000O\000b\000j\000e\000c\000t\000i\000v\000e}{chapter.1}% 7
\BOOKMARK [0][-]{chapter.2}{\376\377\000I\000n\000s\000t\000r\000u\000c\000c\000i\000o\000n\000s\000\040\000g\000e\000n\000e\000r\000a\000l\000s\000\040\000i\000\040\000i\000t\000i\000n\000e\000r\000a\000r\000i\000\040\000d\000e\000l\000\040\000T\000r\000e\000b\000a\000l\000l\000\040\000F\000i\000n\000a\000l\000\040\000d\000e\000\040\000G\000r\000a\000u\000\040}{}% 8
\BOOKMARK [1][-]{section.2.1}{\376\377\000M\000a\000t\000r\000\355\000c\000u\000l\000a\000\040\000d\000e\000l\000\040\000T\000r\000e\000b\000a\000l\000l\000\040\000F\000i\000n\000a\000l\000\040\000d\000e\000\040\000G\000r\000a\000u}{chapter.2}% 9
\BOOKMARK [1][-]{section.2.2}{\376\377\000S\000e\000l\000e\000c\000c\000i\000\363\000\040\000d\000e\000l\000\040\000t\000e\000m\000a\000\040\000d\000e\000\040\000T\000r\000e\000b\000a\000l\000l\000\040\000F\000i\000n\000a\000l\000\040\000d\000e\000\040\000G\000r\000a\000u}{chapter.2}% 10
\BOOKMARK [1][-]{section.2.3}{\376\377\000D\000e\000s\000e\000n\000v\000o\000l\000u\000p\000a\000m\000e\000n\000t\000\040\000d\000e\000l\000\040\000T\000r\000e\000b\000a\000l\000l\000\040\000F\000i\000n\000a\000l\000\040\000d\000e\000\040\000G\000r\000a\000u}{chapter.2}% 11
\BOOKMARK [1][-]{section.2.4}{\376\377\000D\000i\000p\000\362\000s\000i\000t\000\040\000d\000e\000\040\000l\000a\000\040\000m\000e\000m\000\362\000r\000i\000a}{chapter.2}% 12
\BOOKMARK [1][-]{section.2.5}{\376\377\000P\000r\000e\000p\000a\000r\000a\000c\000i\000\363\000\040\000d\000e\000\040\000l\000a\000\040\000p\000r\000e\000s\000e\000n\000t\000a\000c\000i\000\363}{chapter.2}% 13
\BOOKMARK [0][-]{chapter.3}{\376\377\000L\000a\000\040\000m\000e\000m\000\362\000r\000i\000a\000\040\000d\000e\000l\000\040\000t\000r\000e\000b\000a\000l\000l\000\040\000d\000e\000\040\000f\000i\000n\000a\000l\000\040\000d\000e\000\040\000g\000r\000a\000u}{}% 14
\BOOKMARK [1][-]{section.3.1}{\376\377\000P\000r\000i\000n\000c\000i\000p\000i\000s\000\040\000b\000\340\000s\000i\000c\000s}{chapter.3}% 15
\BOOKMARK [1][-]{section.3.2}{\376\377\000B\000o\000n\000e\000s\000\040\000p\000r\000\340\000c\000t\000i\000q\000u\000e\000s}{chapter.3}% 16
\BOOKMARK [2][-]{subsection.3.2.1}{\376\377\000F\000o\000c\000a\000l\000i\000t\000z\000a\000c\000i\000\363}{section.3.2}% 17
\BOOKMARK [2][-]{subsection.3.2.2}{\376\377\000E\000l\000a\000b\000o\000r\000a\000c\000i\000\363\000\040\000d\000e\000\040\000l\000'\000e\000s\000b\000\363\000s}{section.3.2}% 18
\BOOKMARK [2][-]{subsection.3.2.3}{\376\377\000R\000e\000d\000a\000c\000c\000i\000\363}{section.3.2}% 19
\BOOKMARK [1][-]{section.3.3}{\376\377\000E\000s\000t\000r\000u\000c\000t\000u\000r\000a\000\040\000d\000e\000l\000\040\000T\000r\000e\000b\000a\000l\000l\000\040\000F\000i\000n\000a\000l\000\040\000d\000e\000\040\000G\000r\000a\000u}{chapter.3}% 20
\BOOKMARK [2][-]{subsection.3.3.1}{\376\377\000P\000o\000r\000t\000a\000d\000a}{section.3.3}% 21
\BOOKMARK [2][-]{subsection.3.3.2}{\376\377\000T\000a\000u\000l\000a\000\040\000d\000e\000\040\000c\000o\000n\000t\000i\000n\000g\000u\000t\000s\000\040\000o\000\040\000S\000u\000m\000a\000r\000i}{section.3.3}% 22
\BOOKMARK [2][-]{subsection.3.3.3}{\376\377\000L\000l\000i\000s\000t\000a\000\040\000d\000e\000\040\000f\000i\000g\000u\000r\000e\000s}{section.3.3}% 23
\BOOKMARK [2][-]{subsection.3.3.4}{\376\377\000L\000l\000i\000s\000t\000a\000\040\000d\000e\000\040\000t\000a\000u\000l\000e\000s}{section.3.3}% 24
\BOOKMARK [2][-]{subsection.3.3.5}{\376\377\000L\000l\000i\000s\000t\000a\000\040\000d\000'\000a\000c\000r\000\362\000n\000i\000m\000s}{section.3.3}% 25
\BOOKMARK [2][-]{subsection.3.3.6}{\376\377\000R\000e\000s\000u\000m}{section.3.3}% 26
\BOOKMARK [2][-]{subsection.3.3.7}{\376\377\000A\000g\000r\000a\000\357\000m\000e\000n\000t\000s}{section.3.3}% 27
\BOOKMARK [2][-]{subsection.3.3.8}{\376\377\000I\000n\000t\000r\000o\000d\000u\000c\000c\000i\000\363}{section.3.3}% 28
\BOOKMARK [2][-]{subsection.3.3.9}{\376\377\000D\000e\000s\000e\000n\000v\000o\000l\000u\000p\000a\000m\000e\000n\000t}{section.3.3}% 29
\BOOKMARK [2][-]{subsection.3.3.10}{\376\377\000R\000e\000s\000u\000l\000t\000a\000t\000s\000\040\000i\000\040\000d\000i\000s\000c\000u\000s\000s\000i\000\363}{section.3.3}% 30
\BOOKMARK [2][-]{subsection.3.3.11}{\376\377\000C\000o\000n\000c\000l\000u\000s\000i\000o\000n\000s}{section.3.3}% 31
\BOOKMARK [2][-]{subsection.3.3.12}{\376\377\000A\000p\000\350\000n\000d\000i\000x\000s}{section.3.3}% 32
\BOOKMARK [2][-]{subsection.3.3.13}{\376\377\000R\000e\000f\000e\000r\000\350\000n\000c\000i\000e\000s\000\040\000b\000i\000b\000l\000i\000o\000g\000r\000\340\000f\000i\000q\000u\000e\000s}{section.3.3}% 33
\BOOKMARK [0][-]{chapter.4}{\376\377\000L\000a\000\040\000p\000r\000e\000s\000e\000n\000t\000a\000c\000i\000\363\000\040\000d\000e\000l\000\040\000T\000r\000e\000b\000a\000l\000l\000\040\000F\000i\000n\000a\000l\000\040\000d\000e\000\040\000G\000r\000a\000u}{}% 34
\BOOKMARK [1][-]{section.4.1}{\376\377\000P\000r\000i\000n\000c\000i\000p\000i\000s\000\040\000b\000\340\000s\000i\000c\000s}{chapter.4}% 35
\BOOKMARK [1][-]{section.4.2}{\376\377\000B\000o\000n\000e\000s\000\040\000p\000r\000\340\000c\000t\000i\000q\000u\000e\000s}{chapter.4}% 36
\BOOKMARK [2][-]{subsection.4.2.1}{\376\377\000L\000e\000s\000\040\000t\000r\000a\000n\000s\000p\000a\000r\000\350\000n\000c\000i\000e\000s}{section.4.2}% 37
\BOOKMARK [2][-]{subsection.4.2.2}{\376\377\000L\000'\000e\000x\000p\000o\000s\000i\000c\000i\000\363\000\040\000i\000\040\000l\000a\000\040\000d\000e\000f\000e\000n\000s\000a}{section.4.2}% 38
\BOOKMARK [1][-]{section.4.3}{\376\377\000E\000s\000t\000r\000u\000c\000t\000u\000r\000a\000\040\000d\000e\000\040\000l\000a\000\040\000p\000r\000e\000s\000e\000n\000t\000a\000c\000i\000\363\000\040\000d\000e\000l\000\040\000T\000r\000e\000b\000a\000l\000l\000\040\000F\000i\000n\000a\000l\000\040\000d\000e\000\040\000G\000r\000a\000u}{chapter.4}% 39
\BOOKMARK [2][-]{subsection.4.3.1}{\376\377\000P\000o\000r\000t\000a\000d\000a}{section.4.3}% 40
\BOOKMARK [2][-]{subsection.4.3.2}{\376\377\000\315\000n\000d\000e\000x}{section.4.3}% 41
\BOOKMARK [2][-]{subsection.4.3.3}{\376\377\000D\000e\000s\000e\000n\000v\000o\000l\000u\000p\000a\000m\000e\000n\000t}{section.4.3}% 42
\BOOKMARK [2][-]{subsection.4.3.4}{\376\377\000R\000e\000s\000u\000l\000t\000a\000t\000s}{section.4.3}% 43
\BOOKMARK [2][-]{subsection.4.3.5}{\376\377\000C\000o\000n\000c\000l\000u\000s\000i\000o\000n\000s}{section.4.3}% 44
\BOOKMARK [0][-]{chapter.5}{\376\377\000C\000o\000n\000c\000l\000u\000s\000i\000o\000n\000s}{}% 45
\BOOKMARK [0][-]{appendix.A}{\376\377\000F\000o\000r\000m\000a\000t\000\040\000d\000e\000\040\000l\000a\000\040\000m\000e\000m\000\362\000r\000i\000a}{}% 46
\BOOKMARK [1][-]{appendix.A.1}{\376\377\000L\000a\000\040\000p\000l\000a\000n\000t\000i\000l\000l\000a\000\040\000d\000e\000\040\000L\000a\000T\000e\000X}{appendix.A}% 47
\BOOKMARK [1][-]{appendix.A.2}{\376\377\000F\000\363\000r\000m\000u\000l\000e\000s\000,\000\040\000f\000i\000g\000u\000r\000e\000s\000\040\000i\000\040\000t\000a\000u\000l\000e\000s}{appendix.A}% 48
\BOOKMARK [2][-]{subsection.A.2.1}{\376\377\000F\000\363\000r\000m\000u\000l\000e\000s}{appendix.A.2}% 49
\BOOKMARK [2][-]{subsection.A.2.2}{\376\377\000F\000i\000g\000u\000r\000e\000s}{appendix.A.2}% 50
\BOOKMARK [2][-]{subsection.A.2.3}{\376\377\000T\000a\000u\000l\000e\000s}{appendix.A.2}% 51
\BOOKMARK [1][-]{appendix.A.3}{\376\377\000B\000i\000b\000l\000i\000o\000g\000r\000a\000f\000i\000a}{appendix.A}% 52
\BOOKMARK [1][-]{appendix.A.4}{\376\377\000A\000c\000r\000\362\000n\000i\000m\000s}{appendix.A}% 53
\BOOKMARK [0][-]{chapter*.14}{\376\377\000B\000i\000b\000l\000i\000o\000g\000r\000a\000f\000i\000a}{}% 54
